2026-06-10 09:01:00 platformd init - INFO - Process A initializing
2026-06-10 09:02:00 platformd init - INFO - Process A initialized
2026-06-10 09:03:00 platformd init - INFO - Process B initializing
2026-06-10 09:04:00 platformd init - INFO - Process B initialized
2026-06-10 09:13:00 platformd init - INFO - Process G initializing
2026-06-10 09:14:00 platformd init - INFO - Process G initialized
2026-06-10 09:15:00 platformd init - INFO - Process H initializing
2026-06-10 09:16:00 platformd init - INFO - Process H initialized
2026-06-10 09:17:00 platformd init - INFO - Process I initializing
2026-06-10 09:18:00 platformd init - INFO - Process I initialized
2026-06-10 09:19:00 platformd init - INFO - Process J initializing
2026-06-10 09:20:00 platformd init - INFO - Process J initialized
2026-06-10 10:35:00 platformd critical - ERROR - process H crashed
2026-06-10 09:30:00 platformd net - WARN - admin network down on management interface
2026-06-10 09:31:00 platformd net - WARN - admin network fail during synchronization
2026-06-10 09:32:00 platformd net - WARN - admin network down detected

2026-06-10 09:40:00 platformd timeout - WARN - request timeout during inventory sync
2026-06-10 09:41:00 platformd timeout - WARN - rpc timeout during topology update
2026-06-10 09:42:00 platformd timeout - WARN - request timeout during state fetch
2026-06-10 09:43:00 platformd timeout - WARN - rpc timeout during controller query
2026-06-10 09:44:00 platformd timeout - WARN - request timeout during health sync

2026-06-10 09:50:00 platformd port - WARN - port 1 down
2026-06-10 09:51:00 platformd port - WARN - port 1 up
2026-06-10 09:52:00 platformd port - WARN - port 2 down
2026-06-10 09:53:00 platformd port - WARN - port 2 up
2026-06-10 09:54:00 platformd port - WARN - port 3 down
2026-06-10 09:55:00 platformd port - WARN - port 3 up
2026-06-10 09:45:00 platformd timeout - WARN - json request timeout during service registration

2026-06-10 10:00:00 platformd port - ERROR - port error detected on port 4
2026-06-10 10:01:00 platformd port - ERROR - port fault detected on port 5
2026-06-10 10:02:00 platformd port - ERROR - port error detected on port 6
2026-06-10 10:03:00 platformd port - ERROR - port fault detected on port 7

2026-06-10 10:10:00 platformd switch - INFO - switch health changed to healthy
2026-06-10 10:11:00 platformd switch - INFO - switch status change observed
2026-06-10 10:12:00 platformd switch - INFO - switch health changed to degraded
2026-06-10 10:13:00 platformd switch - INFO - switch status change observed
2026-06-10 10:14:00 platformd switch - INFO - switch health changed to healthy

2026-06-10 10:20:00 platformd system - INFO - platform initialization completed
2026-06-10 10:21:00 platformd network - INFO - network connectivity verified
2026-06-10 10:22:00 platformd system - INFO - resource utilization within limits
2026-06-10 10:23:00 platformd monitoring - INFO - performance metrics collected
2026-06-10 10:24:00 platformd network - INFO - link state verified successfully
2026-06-10 10:25:00 platformd service - INFO - service startup completed
2026-06-10 10:26:00 platformd database - INFO - database connection established
2026-06-10 10:27:00 platformd monitoring - INFO - telemetry data uploaded
2026-06-10 10:28:00 platformd security - INFO - security policy validation completed
2026-06-10 10:29:00 platformd system - INFO - scheduled maintenance task completed
