2026-06-10 11:01:00 processd init - INFO - Process K initializing
2026-06-10 11:02:00 processd init - INFO - Process K initialized
2026-06-10 11:03:00 processd init - INFO - Process L initializing
2026-06-10 11:04:00 processd init - INFO - Process L initialized
2026-06-10 11:05:00 processd init - INFO - Process M initializing
2026-06-10 11:06:00 processd init - INFO - Process M initialized
2026-06-10 11:07:00 processd init - INFO - Process N initializing
2026-06-10 11:08:00 processd init - INFO - Process N initialized
2026-06-10 11:17:00 processd init - INFO - Process S initializing
2026-06-10 11:18:00 processd init - INFO - Process S initialized
2026-06-10 11:19:00 processd init - INFO - Process T initializing
2026-06-10 11:20:00 processd init - INFO - Process T initialized
2026-06-10 12:35:00 processd critical - ERROR - process N crashed
2026-06-10 11:30:00 processd net - WARN - admin network down on controller
2026-06-10 11:31:00 processd net - WARN - admin network fail during policy update
2026-06-10 11:32:00 processd net - WARN - admin network down detected on node 2
2026-06-10 11:33:00 processd net - WARN - admin network fail during synchronization
2026-06-10 11:34:00 processd net - WARN - admin network down during validation

2026-06-10 11:40:00 processd timeout - WARN - request timeout during process validation
2026-06-10 11:41:00 processd timeout - WARN - rpc timeout during process registration
2026-06-10 11:42:00 processd timeout - WARN - request timeout during runtime query
2026-06-10 11:43:00 processd timeout - WARN - rpc timeout during scheduler update
2026-06-10 11:44:00 processd timeout - WARN - request timeout during state synchronization
2026-06-10 11:45:00 processd timeout - WARN - rpc timeout during process coordination
2026-06-10 11:46:00 processd timeout - WARN - request timeout during heartbeat verification
2026-06-10 11:47:00 processd timeout - WARN - json request timeout during policy synchronization
2026-06-10 13:49:00 serviced timeout - WARN - json request timeout during authentication
2026-06-10 11:50:00 processd port - WARN - port 11 down
2026-06-10 11:51:00 processd port - WARN - port 11 up
2026-06-10 11:52:00 processd port - WARN - port 12 down
2026-06-10 11:53:00 processd port - WARN - port 12 up
2026-06-10 11:54:00 processd port - WARN - port 13 down
2026-06-10 11:55:00 processd port - WARN - port 13 up

2026-06-10 12:00:00 processd switch - INFO - switch health changed to degraded
2026-06-10 12:01:00 processd switch - INFO - switch status change observed
2026-06-10 12:02:00 processd switch - INFO - switch health changed to healthy
2026-06-10 12:03:00 processd switch - INFO - switch status change observed
2026-06-10 12:04:00 processd switch - INFO - switch health changed to healthy

2026-06-10 12:10:00 processd service - INFO - background task executed successfully
2026-06-10 12:11:00 processd service - INFO - cache refresh completed
2026-06-10 12:12:00 processd service - INFO - configuration validation completed
2026-06-10 12:13:00 processd service - INFO - service synchronization successful

2026-06-10 12:20:00 processd critical - ERROR - assert failure of process A
2026-06-10 12:21:00 processd critical - ERROR - process B terminated with SIGABRT
2026-06-10 12:22:00 processd critical - ERROR - stacktrace detected for process C
