2026-06-10 13:01:00 serviced init - INFO - Process U initializing
2026-06-10 13:02:00 serviced init - INFO - Process U initialized
2026-06-10 13:03:00 serviced init - INFO - Process V initializing
2026-06-10 13:04:00 serviced init - INFO - Process V initialized
2026-06-10 13:05:00 serviced init - INFO - Process W initializing
2026-06-10 13:06:00 serviced init - INFO - Process W initialized
2026-06-10 13:07:00 serviced init - INFO - Process X initializing
2026-06-10 13:08:00 serviced init - INFO - Process X initialized
2026-06-10 13:09:00 serviced init - INFO - Process Y initializing
2026-06-10 13:10:00 serviced init - INFO - Process Y initialized
2026-06-10 13:11:00 serviced init - INFO - Process Z initializing
2026-06-10 13:12:00 serviced init - INFO - Process Z initialized
2026-06-10 14:35:00 serviced critical - ERROR - process X crashed
2026-06-10 13:30:00 serviced net - WARN - admin network down on authentication service
2026-06-10 13:31:00 serviced net - WARN - admin network fail during service registration
2026-06-10 13:32:00 serviced net - WARN - admin network down detected on gateway
2026-06-10 13:33:00 serviced net - WARN - admin network fail during endpoint synchronization
2026-06-10 13:34:00 serviced net - WARN - admin network down during policy validation
2026-06-10 13:35:00 serviced net - WARN - admin network fail during inventory refresh
2026-06-10 13:36:00 serviced net - WARN - admin network down detected on service node
2026-06-10 13:48:00 serviced timeout - WARN - json request timeout during endpoint validation
2026-06-10 13:40:00 serviced timeout - WARN - request timeout during authentication
2026-06-10 13:41:00 serviced timeout - WARN - rpc timeout during token validation
2026-06-10 13:42:00 serviced timeout - WARN - request timeout during endpoint verification
2026-06-10 13:43:00 serviced timeout - WARN - rpc timeout during service discovery
2026-06-10 13:44:00 serviced timeout - WARN - request timeout during session validation
2026-06-10 13:45:00 serviced timeout - WARN - rpc timeout during cache synchronization
2026-06-10 13:46:00 serviced timeout - WARN - request timeout during authorization
2026-06-10 13:47:00 serviced timeout - WARN - rpc timeout during gateway update

2026-06-10 13:50:00 serviced port - WARN - port 21 down
2026-06-10 13:51:00 serviced port - WARN - port 21 up
2026-06-10 13:52:00 serviced port - WARN - port 22 down
2026-06-10 13:53:00 serviced port - WARN - port 22 up
2026-06-10 13:54:00 serviced port - WARN - port 23 down
2026-06-10 13:55:00 serviced port - WARN - port 23 up

2026-06-10 14:00:00 serviced port - ERROR - port error detected on port 24
2026-06-10 14:01:00 serviced port - ERROR - port fault detected on port 25
2026-06-10 14:02:00 serviced port - ERROR - port error detected on port 26
2026-06-10 14:03:00 serviced port - ERROR - port fault detected on port 27

2026-06-10 14:10:00 serviced switch - INFO - switch health changed to degraded
2026-06-10 14:11:00 serviced switch - INFO - switch status change observed
2026-06-10 14:12:00 serviced switch - INFO - switch health changed to healthy
2026-06-10 14:13:00 serviced switch - INFO - switch status change observed
2026-06-10 14:14:00 serviced switch - INFO - switch health changed to healthy

2026-06-10 14:20:00 serviced system - INFO - configuration sync completed successfully
2026-06-10 14:21:00 serviced system - INFO - routing table updated successfully
2026-06-10 14:22:00 serviced system - INFO - interface status check completed
2026-06-10 14:23:00 serviced system - INFO - system health monitoring completed

2026-06-10 14:30:00 serviced critical - ERROR - assert failure of process D
2026-06-10 14:31:00 serviced critical - ERROR - process E terminated with SIGABRT
2026-06-10 14:32:00 serviced critical - ERROR - stacktrace detected for process F
